// Jest Snapshot v1, https://goo.gl/fbAQLP

exports[`<ReasonCheckbox/> unselected 1`] = `
<div
  style="cursor:pointer;position:relative;overflow:visible;display:table;height:auto;width:100%;margin-bottom:16px;mui-prepared:"
>
  <input
    style="position:absolute;cursor:inherit;pointer-events:all;opacity:0;width:100%;height:100%;z-index:2;left:0;box-sizing:border-box;padding:0;margin:0;mui-prepared:"
    type="checkbox"
  />
  <div
    style="display:flex;width:100%;height:100%"
  >
    <div
      style="transition:all 450ms cubic-bezier(0.23, 1, 0.32, 1) 0ms;float:left;position:relative;display:block;flex-shrink:0;width:24px;margin-right:16px;margin-left:0;height:24px;mui-prepared:"
    >
      <div>
        <svg
          style="display:inline-block;color:rgba(0, 0, 0, 0.87);fill:rgba(0, 0, 0, 0.87);height:24px;width:24px;user-select:none;transition:opacity 1000ms cubic-bezier(0.23, 1, 0.32, 1) 200ms;position:absolute;opacity:1;mui-prepared:"
          viewBox="0 0 24 24"
        >
          <path
            d="M19 5v14H5V5h14m0-2H5c-1.1 0-2 .9-2 2v14c0 1.1.9 2 2 2h14c1.1 0 2-.9 2-2V5c0-1.1-.9-2-2-2z"
          />
        </svg>
        <svg
          style="display:inline-block;color:rgba(0, 0, 0, 0.87);fill:#00bcd4;height:24px;width:24px;user-select:none;transition:opacity 450ms cubic-bezier(0.23, 1, 0.32, 1) 0ms, transform 0ms cubic-bezier(0.23, 1, 0.32, 1) 450ms;position:absolute;opacity:0;transform:scale(0);transition-origin:50% 50%;mui-prepared:"
          viewBox="0 0 24 24"
        >
          <path
            d="M19 3H5c-1.11 0-2 .9-2 2v14c0 1.1.89 2 2 2h14c1.11 0 2-.9 2-2V5c0-1.1-.89-2-2-2zm-9 14l-5-5 1.41-1.41L10 14.17l7.59-7.59L19 8l-9 9z"
          />
        </svg>
      </div>
      <div />
      <div
        style="position:absolute;height:100%;width:100%;top:0;left:0;mui-prepared:"
      />
    </div>
    <label
      style="float:left;position:relative;display:block;width:calc(100% - 60px);line-height:24px;color:rgba(0, 0, 0, 0.87);font-family:Roboto, sans-serif;mui-prepared:"
    >
      Label
    </label>
  </div>
</div>
`;
