// Jest Snapshot v1, https://goo.gl/fbAQLP

exports[`<VerseEditor/> renders 1`] = `
<div>
  <div
    style="display:flex;flex-direction:row;align-content:center;align-items:center;justify-content:space-between;border-bottom:solid 1px #999;height:50px;mui-prepared:"
  >
    <div
      style="flex:0 0 auto;mui-prepared:"
    >
      <span
        style="height:72px;color:rgba(0, 0, 0, 0.87);display:flex;align-items:center;font-family:Roboto, sans-serif;font-size:14px;padding-left:14px;padding-right:14px;font-weight:500;mui-prepared:"
      >
        <span
          style="padding-right:8px;mui-prepared:"
        >
          <svg
            style="display:block;color:#00bcd4;fill:#00bcd4;height:24px;width:24px;user-select:none;transition:all 450ms cubic-bezier(0.23, 1, 0.32, 1) 0ms;font-size:24px;mui-prepared:"
            viewBox="0 0 24 24"
          >
            <circle
              cx="12"
              cy="12"
              r="10"
            />
            <text
              fill="#fff"
              font-size="12"
              text-anchor="middle"
              x="12"
              y="16"
            >
              1
            </text>
          </svg>
        </span>
        Edit Verse
      </span>
    </div>
    <div
      style="flex:1 1 auto;mui-prepared:"
    >
      <span
        style="display:block;border-color:#bdbdbd;margin-left:-6px;border-top-style:solid;border-top-width:1px;mui-prepared:"
      />
    </div>
    <div
      style="flex:0 0 auto;margin-left:-6px;mui-prepared:"
    >
      <span
        disabled=""
        style="height:72px;color:rgba(0, 0, 0, 0.26);display:flex;align-items:center;font-family:Roboto, sans-serif;font-size:14px;padding-left:14px;padding-right:14px;cursor:default;mui-prepared:"
      >
        <span
          style="padding-right:8px;mui-prepared:"
        >
          <svg
            style="display:block;color:#9e9e9e;fill:#9e9e9e;height:24px;width:24px;user-select:none;transition:all 450ms cubic-bezier(0.23, 1, 0.32, 1) 0ms;font-size:24px;mui-prepared:"
            viewBox="0 0 24 24"
          >
            <circle
              cx="12"
              cy="12"
              r="10"
            />
            <text
              fill="#fff"
              font-size="12"
              text-anchor="middle"
              x="12"
              y="16"
            >
              2
            </text>
          </svg>
        </span>
        Select reason(s) for change
      </span>
    </div>
  </div>
  <div
    style="padding:24px"
  >
    <textarea
      autofocus=""
      id="verse-editor-field"
      rows="4"
      style="width:100%;resize:none;padding:10px;border:solid 1px var(--border-color);font-style:inherit;font-variant:inherit;font-weight:inherit;font-stretch:inherit;font-size:inherit;line-height:inherit;font-family:inherit;cursor:inherit;outline:none;background-color:transparent;-webkit-appearance:textfield;color:rgba(0, 0, 0, 0.870588)"
    >
      verse text
    </textarea>
  </div>
  <div
    style="padding:0 24px;text-align:right"
  >
    <button
      class="btn"
      disabled=""
    >
      buttons.back_button
    </button>
    <button
      class="btn-second"
    >
      buttons.cancel_button
    </button>
    <button
      class="btn-prime"
      disabled=""
    >
      buttons.next_button
    </button>
  </div>
</div>
`;
